-1
-1
151561800
10650478
370965174
116244626
370965174
10650478
45890490
759232427
759232427
850020697
370965174
687686381
687686381
151561800
370965174
988975984
584950657
250775052
328900298
341177567
