-1
374172779
374172779
393746492
-1
277665402
-1
857563025
550666961
-1
-1
550666961
571609922
393746492
393746492
637861512
277665402
56560413
56560413
203854246
215399073
437496497
315916350
857563025
56560413
163020268
651556985
651556985
-1
-1
983266945
637861512
651556985
651556985
857563025
742746123
215399073
402605542
651556985
693454539
215399073
749059549
374172779
774397775
437496497
56560413
781851059
774397775
651556985
437496497
260961690
797326121
797326121
712343697
984997497
277665402
471626653
315916350
571609922
98921786
475005691
749059549
163020268
749059549
227113964
437496497
637861512
714895319
487506570
655748726
57701472
894357182
450714096
57701472
993420127
98921786
62164009
203854246
487506570
277665402
402605542
836144747
267096312
550666961
374172779
