-1
-1
722179894
855302835
857236183
-1
722179894
857236183
857236183
965404596
-1
255501497
322278917
40262487
40262487
984490438
117075631
733146893
480402642
322278917
117075631
128986615
907869901
40262487
733146893
733146893
255501497
984490438
480402642
857236183
40262487
128986615
40262487
-1
480402642
480402642
737035892
480402642
749951753
322278917
712881005
216270751
749951753
36699963
773625012
322278917
349116361
255501497
439708658
755373141
56122133
646966949
857236183
-1
646966949
83335951
-1
128986615
857236183
737035892
349116361
83801357
733146893
38197368
135644988
907869901
388789520
91638155
660729411
965404596
911557150
536577018
6635746
536577018
781396637
