-1
480361232
-1
482090355
482090355
93940572
-1
820208277
571719817
820208277
859136820
93940572
128585568
437813742
571719817
-1
-1
482090355
666911138
230379597
697625844
523556256
11877468
571719817
366639286
571719817
230379597
35110265
366639286
625308392
581373903
266937534
523556256
415196270
128585568
38983743
640276473
591849884
480361232
266937534
945962041
963402913
398345230
437813742
598659720
-1
482090355
415196270
963402913
697625844
482090355
11877468
697625844
332558149
171900871
201632595
945962041
457542096
50050021
-1
171900871
697625844
912363241
93940572
93940572
366639286
128585568
945962041
24649322
502839281
437813742
923799536
289232805
35110265
138263361
11877468
385382167
553528907
230379597
230379597
859136820
880199990
50050021
471104517
385382167
201632595
725106878
820208277
523556256
725106878
650069229
730455466
173534738
432387867
266937534
825528375
393702757
912363241
24649322
651818716
