-1
-1
-1
259391355
427583702
376761830
-1
376761830
259391355
543805154
77582311
401592024
427583702
292226667
292226667
922468766
543805154
551588315
551588315
922468766
77582311
292226667
77582311
922468766
686534541
754051255
686534541
959171431
781967994
476587468
781967994
499062136
427583702
879046662
781967994
522156160
292226667
925890660
879046662
105177381
781967994
215502496
105177381
660297033
335453481
339070150
-1
476587468
784848269
754051255
